[TX] 2026/06/10 01:03:36 auth.go:31: LOGIN FAIL | user=admin | error=user not found
[TX] 2026/06/10 01:03:36 auth.go:31: LOGIN FAIL | user=admin | error=user not found
[TX] 2026/06/10 01:05:30 auth.go:31: LOGIN FAIL | user=admin | error=user not found
[TX] 2026/06/10 01:08:02 auth.go:31: LOGIN FAIL | user=admin | error=user not found
[TX] 2026/06/10 01:08:02 auth.go:31: LOGIN FAIL | user=admin | error=user not found
[TX] 2026/06/10 01:08:17 auth.go:31: LOGIN FAIL | user=admin | error=user not found
[TX] 2026/06/10 01:08:44 auth.go:31: LOGIN FAIL | user=admin | error=user not found
[TX] 2026/06/10 01:11:35 auth.go:31: LOGIN FAIL | user=admin | error=user not found
[TX] 2026/06/10 01:11:47 auth.go:31: LOGIN FAIL | user=admin | error=user not found
[TX] 2026/06/10 01:12:34 auth.go:31: LOGIN FAIL | user=jack | error=user not found
[TX] 2026/06/10 01:13:06 auth.go:31: LOGIN FAIL | user=jack | error=user not found
[TX] 2026/06/10 01:13:18 auth.go:31: LOGIN FAIL | user=jack | error=user not found
[TX] 2026/06/10 01:14:37 auth.go:31: LOGIN FAIL | user=jack | error=user not found
[TX] 2026/06/10 01:15:29 auth.go:31: LOGIN FAIL | user=jack | error=user not found
[TX] 2026/06/10 01:16:02 auth.go:31: LOGIN FAIL | user=jack | error=sql: expected 0 arguments, got 1
[TX] 2026/06/10 01:17:06 auth.go:54: LOGIN OK | user=jack level=ADMIN
[TX] 2026/06/10 01:18:13 auth.go:54: LOGIN OK | user=jack level=ADMIN
[TX] 2026/06/10 01:18:13 auth.go:54: LOGIN OK | user=jack level=ADMIN
[TX] 2026/06/10 01:25:09 auth.go:54: LOGIN OK | user=admin level=ADMIN
[TX] 2026/06/10 01:34:25 auth.go:54: LOGIN OK | user=jack level=HACKER
[TX] 2026/06/10 02:01:35 auth.go:54: LOGIN OK | user=jack level=HACKER
[TX] 2026/06/10 02:01:41 auth.go:54: LOGIN OK | user=jack level=HACKER
[TX] 2026/06/10 02:01:59 auth.go:54: LOGIN OK | user=jack level=HACKER
[TX] 2026/06/10 02:08:21 auth.go:54: LOGIN OK | user=admin level=ADMIN
[TX] 2026/06/10 17:33:49 auth.go:54: LOGIN OK | user=admin level=ADMIN
[TX] 2026/06/10 17:54:15 auth.go:31: LOGIN FAIL | user=test | error=user not found
[TX] 2026/06/10 17:54:22 auth.go:31: LOGIN FAIL | user=wrong | error=user not found
[TX] 2026/06/10 17:54:26 auth.go:31: LOGIN FAIL | user=wrong | error=user not found
[TX] 2026/06/10 18:11:29 auth.go:54: LOGIN OK | user=admin level=ADMIN
[TX] 2026/06/10 18:12:39 auth.go:54: LOGIN OK | user=admin level=ADMIN
[TX] 2026/06/10 18:13:39 auth.go:54: LOGIN OK | user=admin level=ADMIN
[TX] 2026/06/10 18:15:44 auth.go:54: LOGIN OK | user=admin level=ADMIN
[TX] 2026/06/10 18:22:01 auth.go:54: LOGIN OK | user=admin level=ADMIN
[TX] 2026/06/10 18:23:51 auth.go:54: LOGIN OK | user=admin level=ADMIN
[TX] 2026/06/10 18:23:51 auth.go:70: LOGOUT OK | token blacklisted
[TX] 2026/06/10 18:31:15 auth.go:54: LOGIN OK | user=admin level=ADMIN
[TX] 2026/06/10 18:31:20 auth.go:70: LOGOUT OK | token blacklisted
[TX] 2026/06/10 18:45:26 auth.go:54: LOGIN OK | user=admin level=ADMIN
[TX] 2026/06/10 18:45:31 auth.go:70: LOGOUT OK | token blacklisted
[TX] 2026/06/10 18:51:57 auth.go:54: LOGIN OK | user=admin level=ADMIN
[TX] 2026/06/10 18:52:23 auth.go:70: LOGOUT OK | token blacklisted
[TX] 2026/06/10 18:52:37 auth.go:54: LOGIN OK | user=admin level=ADMIN
[TX] 2026/06/10 18:52:49 auth.go:54: LOGIN OK | user=admin level=ADMIN
[TX] 2026/06/10 21:18:45 auth.go:70: LOGOUT OK | token blacklisted
[TX] 2026/06/10 21:19:01 auth.go:54: LOGIN OK | user=admin level=ADMIN
[TX] 2026/06/10 22:00:24 auth.go:70: LOGOUT OK | token blacklisted
[TX] 2026/06/10 22:08:30 auth.go:54: LOGIN OK | user=admin level=ADMIN
[TX] 2026/06/10 22:09:17 auth.go:70: LOGOUT OK | token blacklisted
[TX] 2026/06/10 22:40:07 auth.go:54: LOGIN OK | user=admin level=ADMIN
[TX] 2026/06/10 22:40:48 auth.go:54: LOGIN OK | user=admin level=ADMIN
[TX] 2026/06/10 22:44:13 auth.go:70: LOGOUT OK | token blacklisted
[TX] 2026/06/10 22:44:29 auth.go:54: LOGIN OK | user=admin level=ADMIN
[TX] 2026/06/10 22:44:43 auth.go:54: LOGIN OK | user=admin level=ADMIN
[TX] 2026/06/10 22:45:05 auth.go:54: LOGIN OK | user=admin level=ADMIN
[TX] 2026/06/10 22:45:27 auth.go:54: LOGIN OK | user=admin level=ADMIN
[TX] 2026/06/10 22:46:20 auth.go:54: LOGIN OK | user=admin level=ADMIN
[TX] 2026/06/10 22:51:17 auth.go:70: LOGOUT OK | token blacklisted
[TX] 2026/06/10 22:55:55 auth.go:54: LOGIN OK | user=admin level=ADMIN
[TX] 2026/06/10 22:59:07 auth.go:70: LOGOUT OK | token blacklisted
[TX] 2026/06/10 22:59:19 auth.go:54: LOGIN OK | user=admin level=ADMIN
[TX] 2026/06/10 23:13:03 auth.go:36: LOGIN FAIL | user=admin | error=invalid password
[TX] 2026/06/10 23:13:12 auth.go:54: LOGIN OK | user=admin level=ADMIN
[TX] 2026/06/14 13:41:38 auth.go:54: LOGIN OK | user=admin level=ADMIN
[TX] 2026/06/14 13:59:53 auth.go:54: LOGIN OK | user=admin level=ADMIN
[TX] 2026/06/14 14:14:15 auth.go:54: LOGIN OK | user=admin level=ADMIN
[TX] 2026/06/14 14:54:04 auth.go:70: LOGOUT OK | token blacklisted
[TX] 2026/06/14 14:55:27 auth.go:54: LOGIN OK | user=admin level=ADMIN
[TX] 2026/06/14 14:56:17 auth.go:54: LOGIN OK | user=admin level=ADMIN
[TX] 2026/06/14 15:09:11 auth.go:54: LOGIN OK | user=admin level=ADMIN
[TX] 2026/06/14 15:10:34 auth.go:70: LOGOUT OK | token blacklisted
[TX] 2026/06/14 15:10:43 auth.go:54: LOGIN OK | user=admin level=ADMIN
[TX] 2026/06/14 15:10:52 auth.go:54: LOGIN OK | user=admin level=ADMIN
[TX] 2026/06/14 15:14:50 auth.go:54: LOGIN OK | user=admin level=ADMIN
[TX] 2026/06/14 16:15:15 auth.go:70: LOGOUT OK | token blacklisted
[TX] 2026/06/14 16:15:33 auth.go:54: LOGIN OK | user=admin level=ADMIN
[TX] 2026/06/14 16:15:45 auth.go:36: LOGIN FAIL | user=admin | error=invalid password
[TX] 2026/06/14 16:15:51 auth.go:54: LOGIN OK | user=admin level=ADMIN
[TX] 2026/06/14 16:18:34 auth.go:54: LOGIN OK | user=admin level=ADMIN
[TX] 2026/06/14 16:20:53 auth.go:70: LOGOUT OK | token blacklisted
[TX] 2026/06/14 16:21:00 auth.go:54: LOGIN OK | user=admin level=ADMIN
[TX] 2026/06/14 16:22:30 auth.go:54: LOGIN OK | user=admin level=ADMIN
[TX] 2026/06/14 16:22:39 auth.go:54: LOGIN OK | user=admin level=ADMIN
[TX] 2026/06/14 16:29:43 auth.go:54: LOGIN OK | user=admin level=ADMIN
[TX] 2026/06/14 16:53:44 auth.go:70: LOGOUT OK | token blacklisted
[TX] 2026/06/14 16:53:51 auth.go:54: LOGIN OK | user=admin level=ADMIN
[TX] 2026/06/14 16:54:01 auth.go:54: LOGIN OK | user=admin level=ADMIN
[TX] 2026/06/14 16:54:36 auth.go:54: LOGIN OK | user=admin level=ADMIN
[TX] 2026/06/14 16:55:30 auth.go:54: LOGIN OK | user=admin level=ADMIN
[TX] 2026/06/14 17:05:50 transaction.go:21: TX START | steps=1
[TX] 2026/06/14 17:05:50 transaction.go:21: TX STEP OK | step=1/1 name=UpdateVendorType duration=71.169993ms rows=1
[TX] 2026/06/14 17:05:50 transaction.go:21: TX COMMIT OK | duration=112.716467ms steps=1
[TX] 2026/06/14 17:48:18 transaction.go:21: TX START | steps=1
[TX] 2026/06/14 17:48:18 transaction.go:21: TX STEP OK | step=1/1 name=UpdateVendorType duration=46.690399ms rows=1
[TX] 2026/06/14 17:48:18 transaction.go:21: TX COMMIT OK | duration=85.47824ms steps=1
[TX] 2026/06/14 17:48:29 transaction.go:21: TX START | steps=1
[TX] 2026/06/14 17:48:29 transaction.go:21: TX STEP OK | step=1/1 name=UpdateVendorType duration=40.650496ms rows=1
[TX] 2026/06/14 17:48:29 transaction.go:21: TX COMMIT OK | duration=84.149217ms steps=1
[TX] 2026/06/14 17:48:48 transaction.go:21: TX START | steps=1
[TX] 2026/06/14 17:48:48 transaction.go:21: TX STEP OK | step=1/1 name=UpdateVendorType duration=58.429439ms rows=1
[TX] 2026/06/14 17:48:48 transaction.go:21: TX COMMIT OK | duration=104.627094ms steps=1
[TX] 2026/06/15 10:02:27 auth.go:70: LOGOUT OK | token blacklisted
[TX] 2026/06/15 10:02:32 auth.go:54: LOGIN OK | user=admin level=ADMIN
[TX] 2026/06/15 10:02:43 auth.go:54: LOGIN OK | user=admin level=ADMIN
[TX] 2026/06/15 10:03:20 auth.go:54: LOGIN OK | user=admin level=ADMIN
[TX] 2026/06/15 10:09:34 auth.go:36: LOGIN FAIL | user=admin | error=invalid password
[TX] 2026/06/15 10:09:54 auth.go:54: LOGIN OK | user=admin level=ADMIN
[TX] 2026/06/15 10:20:38 auth.go:54: LOGIN OK | user=root level=ADMIN
[TX]   2026/06/15 13:00:26.683728 auth.go:54: LOGIN OK | user=admin level=ADMIN
[INFO]  2026/06/15 13:20:36.370610 logger.go:36: REQ  | POST /api/v1/public/login | ip=127.0.0.1 user= ua=PostmanRuntime/7.54.0
[TX]   2026/06/15 13:20:36.496149 auth.go:54: LOGIN OK | user=admin level=ADMIN
[INFO]  2026/06/15 13:20:36.496212 logger.go:36: API  | POST /api/v1/public/login | status=login_success msg="Login successful"
[INFO]  2026/06/15 13:20:36.496250 logger.go:36: RESP | POST /api/v1/public/login | status=200_OK ip=127.0.0.1 user= duration=125.641541ms size=241B
[INFO]  2026/06/15 13:21:18.694340 logger.go:36: REQ  | GET /api/v1/protected/vendor-type/all | ip=127.0.0.1 user= ua=PostmanRuntime/7.54.0
[INFO]  2026/06/15 13:21:18.694465 logger.go:36: JWT  | GET /api/v1/protected/vendor-type/all | status=authenticated user=admin level=ADMIN ip=127.0.0.1
[INFO]  2026/06/15 13:21:18.746203 logger.go:36: API  | GET /api/v1/protected/vendor-type/all | status=success msg="Vendor type list retrieved"
[INFO]  2026/06/15 13:21:18.746338 logger.go:36: RESP | GET /api/v1/protected/vendor-type/all | status=200_OK ip=127.0.0.1 user= duration=51.999616ms size=8052B
[INFO]  2026/06/15 13:21:45.480668 logger.go:36: REQ  | GET /api/v1/protected/vendor-type/select/id/VT001 | ip=127.0.0.1 user= ua=PostmanRuntime/7.54.0
[INFO]  2026/06/15 13:21:45.480767 logger.go:36: JWT  | GET /api/v1/protected/vendor-type/select/id/VT001 | status=authenticated user=admin level=ADMIN ip=127.0.0.1
[WARN]  2026/06/15 13:21:45.529236 logger.go:42: API  | GET /api/v1/protected/vendor-type/select/id/VT001 | status=fail msg="Vendor type not found"
[INFO]  2026/06/15 13:21:45.529323 logger.go:36: RESP | GET /api/v1/protected/vendor-type/select/id/VT001 | status=400_WARN ip=127.0.0.1 user= duration=48.656553ms size=51B
[INFO]  2026/06/15 13:22:18.462651 logger.go:36: REQ  | GET /api/v1/protected/vendor-type/select/id/VETA000002 | ip=127.0.0.1 user= ua=PostmanRuntime/7.54.0
[INFO]  2026/06/15 13:22:18.462767 logger.go:36: JWT  | GET /api/v1/protected/vendor-type/select/id/VETA000002 | status=authenticated user=admin level=ADMIN ip=127.0.0.1
[INFO]  2026/06/15 13:22:18.501937 logger.go:36: API  | GET /api/v1/protected/vendor-type/select/id/VETA000002 | status=success msg="Vendor type found"
[INFO]  2026/06/15 13:22:18.502024 logger.go:36: RESP | GET /api/v1/protected/vendor-type/select/id/VETA000002 | status=200_OK ip=127.0.0.1 user= duration=39.37533ms size=421B
[TX] 2026/06/15 14:27:44 auth.go:54: LOGIN OK | user=admin level=ADMIN
[INFO] 2026/06/15 14:27:44 logger.go:37: POST /v1/public/login | status=login_success msg="Login successful"
[INFO] 2026/06/15 14:27:44 logger.go:37: POST /v1/public/login | status=200_OK user=-
[INFO] 2026/06/15 14:28:07 logger.go:37: GET /v1/protected/vendor-type/all | status=authenticated user=admin level=ADMIN
[INFO] 2026/06/15 14:28:07 logger.go:37: GET /v1/protected/vendor-type/all | status=success msg="Vendor type list retrieved"
[INFO] 2026/06/15 14:28:07 logger.go:37: GET /v1/protected/vendor-type/all | status=200_OK user=admin
[INFO] 2026/06/15 14:28:15 logger.go:37: GET /v1/protected/vendor-type/select/id/VETA000002 | status=authenticated user=admin level=ADMIN
[INFO] 2026/06/15 14:28:15 logger.go:37: GET /v1/protected/vendor-type/select/id/VETA000002 | status=success msg="Vendor type found"
[INFO] 2026/06/15 14:28:15 logger.go:37: GET /v1/protected/vendor-type/select/id/VETA000002 | status=200_OK user=admin
[INFO] 2026/06/15 14:28:25 logger.go:37: GET /v1/protected/vendor-type/select/id/VETA000002%E0%B8%94%E0%B8%81%E0%B8%AB | status=authenticated user=admin level=ADMIN
[WARN] 2026/06/15 14:28:25 logger.go:43: GET /v1/protected/vendor-type/select/id/VETA000002%E0%B8%94%E0%B8%81%E0%B8%AB | status=fail msg="Vendor type not found"
[WARN] 2026/06/15 14:28:25 logger.go:43: GET /v1/protected/vendor-type/select/id/VETA000002%E0%B8%94%E0%B8%81%E0%B8%AB | status=400_WARN user=admin
[INFO] 2026/06/15 14:29:05 logger.go:37: GET /v1/protected/vendor-type/select/id/VETA00000299 | status=authenticated user=admin level=ADMIN
[WARN] 2026/06/15 14:29:05 logger.go:43: GET /v1/protected/vendor-type/select/id/VETA00000299 | status=fail msg="Vendor type not found"
[WARN] 2026/06/15 14:29:05 logger.go:43: GET /v1/protected/vendor-type/select/id/VETA00000299 | status=400_WARN user=admin
[INFO] 2026/06/15 14:29:25 logger.go:37: GET /v1/protected/vendor-type/id/VETA00000299 | status=authenticated user=admin level=ADMIN
[INFO] 2026/06/15 14:29:25 logger.go:37: GET /v1/protected/vendor-type/id/VETA00000299 | status=200_OK user=admin
[ERROR] 2026/06/15 14:29:25 logger.go:49: GET /v1/protected/vendor-type/id/VETA00000299 | status=404 error=Cannot GET /api/v1/protected/vendor-type/id/VETA00000299
[INFO] 2026/06/15 14:29:43 logger.go:37: GET /v1/protected/vendor-type/all | status=authenticated user=admin level=ADMIN
[INFO] 2026/06/15 14:29:43 logger.go:37: GET /v1/protected/vendor-type/all | status=success msg="Vendor type list retrieved"
[INFO] 2026/06/15 14:29:43 logger.go:37: GET /v1/protected/vendor-type/all | status=200_OK user=admin
[INFO] 2026/06/15 15:23:37 logger.go:37: OPTIONS /v1/public/logout | status=204_OK user=-
[INFO] 2026/06/15 15:23:37 logger.go:37: POST /v1/public/logout | status=authenticated user=root level=ADMIN
[TX] 2026/06/15 15:23:37 auth.go:70: LOGOUT OK | token blacklisted
[INFO] 2026/06/15 15:23:37 logger.go:37: POST /v1/public/logout | status=200_OK user=root
[TX] 2026/06/15 15:23:48 auth.go:54: LOGIN OK | user=admin level=ADMIN
[INFO] 2026/06/15 15:23:48 logger.go:37: POST /v1/public/login | status=login_success msg="Login successful"
[INFO] 2026/06/15 15:23:48 logger.go:37: POST /v1/public/login | status=200_OK user=-
[ERROR] 2026/06/15 15:24:07 logger.go:49: GET / | status=408 error=Request Timeout
[INFO] 2026/06/15 15:24:53 logger.go:37: OPTIONS /v1/protected/vendor-type/page | status=204_OK user=-
[INFO] 2026/06/15 15:24:53 logger.go:37: GET /v1/protected/vendor-type/page | status=authenticated user=admin level=ADMIN
[INFO] 2026/06/15 15:24:53 logger.go:37: GET /v1/protected/vendor-type/page | status=success msg="Vendor type page retrieved"
[INFO] 2026/06/15 15:24:53 logger.go:37: GET /v1/protected/vendor-type/page | status=200_OK user=admin
[INFO] 2026/06/15 15:25:04 logger.go:37: OPTIONS /v1/protected/customer-type/page | status=204_OK user=-
[INFO] 2026/06/15 15:25:04 logger.go:37: GET /v1/protected/customer-type/page | status=authenticated user=admin level=ADMIN
[ERROR] 2026/06/15 15:25:04 logger.go:49: GET /v1/protected/customer-type/page | status=error msg="mssql: Invalid column name 'base_credit_day'."
[ERROR] 2026/06/15 15:25:04 logger.go:49: GET /v1/protected/customer-type/page | status=500_ERROR user=admin
[ERROR] 2026/06/15 15:25:23 logger.go:49: GET / | status=408 error=Request Timeout
[TX] 2026/06/15 16:18:16 auth.go:54: LOGIN OK | user=admin level=ADMIN
[INFO] 2026/06/15 16:18:16 logger.go:37: POST /v1/public/login | status=login_success msg="Login successful"
[INFO] 2026/06/15 16:18:16 logger.go:37: POST /v1/public/login | status=200_OK user=-
[INFO] 2026/06/15 16:18:57 logger.go:37: GET /v1/protected/vendor/all | status=authenticated user=admin level=ADMIN
[INFO] 2026/06/15 16:18:57 logger.go:37: GET /v1/protected/vendor/all | status=success msg="Vendor list retrieved"
[INFO] 2026/06/15 16:18:57 logger.go:37: GET /v1/protected/vendor/all | status=200_OK user=admin
[INFO] 2026/06/15 16:19:15 logger.go:37: OPTIONS /v1/protected/customer-type/page | status=204_OK user=-
[INFO] 2026/06/15 16:19:15 logger.go:37: GET /v1/protected/customer-type/page | status=authenticated user=admin level=ADMIN
[ERROR] 2026/06/15 16:19:15 logger.go:49: GET /v1/protected/customer-type/page | status=error msg="mssql: Invalid column name 'base_credit_day'."
[ERROR] 2026/06/15 16:19:15 logger.go:49: GET /v1/protected/customer-type/page | status=500_ERROR user=admin
[INFO] 2026/06/15 16:19:20 logger.go:37: OPTIONS /v1/protected/vendor/page | status=204_OK user=-
[INFO] 2026/06/15 16:19:20 logger.go:37: GET /v1/protected/vendor/page | status=authenticated user=admin level=ADMIN
[INFO] 2026/06/15 16:19:20 logger.go:37: GET /v1/protected/vendor/page | status=success msg="Vendor page retrieved"
[INFO] 2026/06/15 16:19:20 logger.go:37: GET /v1/protected/vendor/page | status=200_OK user=admin
[INFO] 2026/06/15 16:19:20 logger.go:37: OPTIONS /v1/protected/vendor-type/page | status=204_OK user=-
[INFO] 2026/06/15 16:19:20 logger.go:37: GET /v1/protected/vendor-type/page | status=authenticated user=admin level=ADMIN
[INFO] 2026/06/15 16:19:20 logger.go:37: GET /v1/protected/vendor-type/page | status=success msg="Vendor type page retrieved"
[INFO] 2026/06/15 16:19:20 logger.go:37: GET /v1/protected/vendor-type/page | status=200_OK user=admin
[INFO] 2026/06/15 16:19:25 logger.go:37: OPTIONS /v1/protected/customer-type/page | status=204_OK user=-
[INFO] 2026/06/15 16:19:25 logger.go:37: GET /v1/protected/customer-type/page | status=authenticated user=admin level=ADMIN
[ERROR] 2026/06/15 16:19:25 logger.go:49: GET /v1/protected/customer-type/page | status=error msg="mssql: Invalid column name 'base_credit_day'."
[ERROR] 2026/06/15 16:19:25 logger.go:49: GET /v1/protected/customer-type/page | status=500_ERROR user=admin
[ERROR] 2026/06/15 16:19:45 logger.go:49: GET / | status=408 error=Request Timeout
[INFO] 2026/06/15 16:20:04 logger.go:37: GET /v1/protected/customer-type/all | status=authenticated user=admin level=ADMIN
[ERROR] 2026/06/15 16:20:04 logger.go:49: GET /v1/protected/customer-type/all | status=error msg="mssql: Invalid column name 'base_credit_day'."
[ERROR] 2026/06/15 16:20:04 logger.go:49: GET /v1/protected/customer-type/all | status=500_ERROR user=admin
